V3 32
FL //vboxsrv/github/picoblaze-processor/1-3-demultiplexer.vhd 2014/01/20.23:37:06 P.28xd
PH work/dmux_lib_1_3 1390257429 \
      FL //vboxsrv/github/picoblaze-processor/1-3-demultiplexer.vhd \
      PB ieee/std_logic_1164 1341906176 CD Demultiplexer
EN work/Demultiplexer 1390257430 \
      FL //vboxsrv/github/picoblaze-processor/1-3-demultiplexer.vhd \
      PB ieee/std_logic_1164 1341906176
AR work/Demultiplexer/Behavior_When 1390257431 \
      FL //vboxsrv/github/picoblaze-processor/1-3-demultiplexer.vhd \
      EN work/Demultiplexer 1390257430
AR work/Demultiplexer/Behavior_With 1390257432 \
      FL //vboxsrv/github/picoblaze-processor/1-3-demultiplexer.vhd \
      EN work/Demultiplexer 1390257430
AR work/Demultiplexer/Behavior_Case 1390257433 \
      FL //vboxsrv/github/picoblaze-processor/1-3-demultiplexer.vhd \
      EN work/Demultiplexer 1390257430
AR work/Demultiplexer/Behavior_If 1390257434 \
      FL //vboxsrv/github/picoblaze-processor/1-3-demultiplexer.vhd \
      EN work/Demultiplexer 1390257430
FL //vboxsrv/github/picoblaze-processor/3-1-multiplexer.vhd 2014/01/20.23:26:19 P.28xd
PH work/mux_lib_3_1 1390256783 \
      FL //vboxsrv/github/picoblaze-processor/3-1-multiplexer.vhd \
      PB ieee/std_logic_1164 1341906176 CD Multiplexer
EN work/Multiplexer 1390256784 \
      FL //vboxsrv/github/picoblaze-processor/3-1-multiplexer.vhd \
      PB ieee/std_logic_1164 1341906176
AR work/Multiplexer/Behavior_When 1390256785 \
      FL //vboxsrv/github/picoblaze-processor/3-1-multiplexer.vhd \
      EN work/Multiplexer 1390256784
AR work/Multiplexer/Behavior_With 1390256786 \
      FL //vboxsrv/github/picoblaze-processor/3-1-multiplexer.vhd \
      EN work/Multiplexer 1390256784
AR work/Multiplexer/Behavior_Case 1390256787 \
      FL //vboxsrv/github/picoblaze-processor/3-1-multiplexer.vhd \
      EN work/Multiplexer 1390256784
AR work/Multiplexer/Behavior_If 1390256788 \
      FL //vboxsrv/github/picoblaze-processor/3-1-multiplexer.vhd \
      EN work/Multiplexer 1390256784
FL //vboxsrv/github/picoblaze-processor/dff_rs.vhd 2014/01/20.23:34:44 P.28xd
PH work/dff_lib 1390257288 FL //vboxsrv/github/picoblaze-processor/dff_rs.vhd \
      PB ieee/std_logic_1164 1341906176 CD DFF_RS
EN work/DFF_RS 1390257289 \
      FL //vboxsrv/github/picoblaze-processor/dff_rs.vhd PB ieee/std_logic_1164 1341906176
AR work/DFF_RS/Behavior_1 1390257290 \
      FL //vboxsrv/github/picoblaze-processor/dff_rs.vhd EN work/DFF_RS 1390257289
AR work/DFF_RS/Behavior_2 1390257291 \
      FL //vboxsrv/github/picoblaze-processor/dff_rs.vhd EN work/DFF_RS 1390257289
AR work/DFF_RS/Behavior_3 1390257292 \
      FL //vboxsrv/github/picoblaze-processor/dff_rs.vhd EN work/DFF_RS 1390257289
AR work/DFF_RS/Behavior_4 1390257293 \
      FL //vboxsrv/github/picoblaze-processor/dff_rs.vhd EN work/DFF_RS 1390257289
FL //vboxsrv/github/picoblaze-processor/logic-unit.vhd 2014/01/18.17:51:20 P.28xd
EN work/LogicUnit 1390063883 \
      FL //vboxsrv/github/picoblaze-processor/logic-unit.vhd \
      PB ieee/std_logic_1164 1341906176
AR work/LogicUnit/Behavior 1390063884 \
      FL //vboxsrv/github/picoblaze-processor/logic-unit.vhd EN work/LogicUnit 1390063883
FL //vboxsrv/github/picoblaze-processor/volladdierer.vhd 2014/01/20.23:38:55 P.28xd
PH work/full_logic_adder_lib 1390257539 \
      FL //vboxsrv/github/picoblaze-processor/volladdierer.vhd \
      PB ieee/std_logic_1164 1341906176 CD Full_Adder
EN work/Full_Adder 1390257540 \
      FL //vboxsrv/github/picoblaze-processor/volladdierer.vhd \
      PB ieee/std_logic_1164 1341906176
AR work/Full_Adder/Logic_Adder 1390257541 \
      FL //vboxsrv/github/picoblaze-processor/volladdierer.vhd EN work/Full_Adder 1390257540
